// Jest Snapshot v1, https://goo.gl/fbAQLP

exports[`createRole Should save the correct data and return the role 1`] = `
[
  {
    "data": {
      "description": "description",
      "name": "name",
      "permissions": {
        "connect": [
          {
            "id": "id",
          },
        ],
      },
    },
  },
]
`;
