// Jest Snapshot v1, https://goo.gl/fbAQLP

exports[`deletePermission Should delete the permission and return success: true 1`] = `
[
  {
    "where": {
      "id": "id",
    },
  },
]
`;
